
Checking L1 Easy...
Moves: [1, 1, 1, 4, 4, 1, 4, 1, 4]
PASS: L1 Easy completed
Matching generation: 0
Current level index: 1
Current state: GameState.NOT_FINISHED

Checking L2 Medium...
Moves: [2, 2, 4, 4, 1, 1, 1, 1, 1, 5]
PASS: L2 Medium completed
Matching generation: 2
Current level index: 2
Current state: GameState.NOT_FINISHED

Checking L3 Hard...
Moves: [3, 3, 3, 3, 1, 1, 1, 1, 3, 3, 1, 1, 1, 1, 4, 2, 4, 4, 1, 4, 4]
PASS: L3 Hard completed
Matching generation: 0
Current level index: 3
Current state: GameState.NOT_FINISHED

Checking L4 Very Hard...
Moves: [1, 4, 2, 4, 1, 4, 4, 4, 4]
PASS: L4 Very Hard completed
Matching generation: 24
Current level index: 3
Current state: GameState.WIN

===================================
ALL LEVELS PASS
===================================
