Bellows Forge verification
Seeds tested: 0-19 (20 total)
Levels checked per seed: 4
Reset sanity replay count: 2
Seed 00: checks=4, failures=0
  lengths: L1=16, L2=23, L3=43, L4=66
Seed 01: checks=4, failures=0
  lengths: L1=13, L2=32, L3=39, L4=74
Seed 02: checks=4, failures=0
  lengths: L1=13, L2=26, L3=47, L4=81
Seed 03: checks=4, failures=0
  lengths: L1=10, L2=24, L3=40, L4=72
Seed 04: checks=4, failures=0
  lengths: L1=18, L2=27, L3=47, L4=62
Seed 05: checks=4, failures=0
  lengths: L1=18, L2=31, L3=41, L4=74
Seed 06: checks=4, failures=0
  lengths: L1=12, L2=26, L3=46, L4=65
Seed 07: checks=4, failures=0
  lengths: L1=14, L2=27, L3=38, L4=69
Seed 08: checks=4, failures=0
  lengths: L1=13, L2=29, L3=40, L4=68
Seed 09: checks=4, failures=0
  lengths: L1=15, L2=24, L3=42, L4=80
Seed 10: checks=4, failures=0
  lengths: L1=11, L2=28, L3=44, L4=62
Seed 11: checks=4, failures=0
  lengths: L1=14, L2=25, L3=39, L4=71
Seed 12: checks=4, failures=0
  lengths: L1=14, L2=25, L3=38, L4=69
Seed 13: checks=4, failures=0
  lengths: L1=12, L2=29, L3=42, L4=81
Seed 14: checks=4, failures=0
  lengths: L1=14, L2=30, L3=46, L4=81
Seed 15: checks=4, failures=0
  lengths: L1=13, L2=25, L3=40, L4=66
Seed 16: checks=4, failures=0
  lengths: L1=16, L2=27, L3=45, L4=63
Seed 17: checks=4, failures=0
  lengths: L1=16, L2=27, L3=49, L4=81
Seed 18: checks=4, failures=0
  lengths: L1=15, L2=23, L3=41, L4=69
Seed 19: checks=4, failures=0
  lengths: L1=12, L2=21, L3=49, L4=72
Generated specs tested: 120
Unique signatures: 70
Variant diversity by level:
  Easy: objects=[7, 9], chambers=[2, 3], molds=[2, 3], bellows=[1], vents=[1], equalizers=[1], regulators=[0], crucibles=[0]
    topologies=17, solution_fingerprints=13, lengths=[10, 11, 12, 13, 14, 15, 16, 18], regulator_activations=[0], crucible_activations=[0]
  Medium: objects=[12, 14], chambers=[3, 4], molds=[3, 4], bellows=[2], vents=[2], equalizers=[2], regulators=[0], crucibles=[0]
    topologies=17, solution_fingerprints=11, lengths=[21, 23, 24, 25, 26, 27, 28, 29, 30, 31, 32], regulator_activations=[0], crucible_activations=[0]
  Hard: objects=[15, 16, 17, 18], chambers=[4, 5], molds=[4, 5], bellows=[2], vents=[2], equalizers=[2], regulators=[1, 2], crucibles=[0]
    topologies=18, solution_fingerprints=17, lengths=[38, 39, 40, 41, 42, 43, 44, 45, 46, 47, 49], regulator_activations=[1, 2], crucible_activations=[0]
  Very Hard: objects=[22, 24], chambers=[5, 6], molds=[5, 6], bellows=[3], vents=[3], equalizers=[3], regulators=[1], crucibles=[2]
    topologies=18, solution_fingerprints=11, lengths=[62, 63, 65, 66, 68, 69, 71, 72, 74, 80, 81], regulator_activations=[1], crucible_activations=[2]
Generator structure summary:
  objects=7-24, chambers=2-6, molds=2-6, bbox_area=20-60
  bellows=1-3, vents=1-3, equalizers=1-3, regulators=0-2, crucibles=0-2, targets=6-22
BFS solution lengths by level:
  Easy: min=10 max=18 values=[10, 11, 12, 13, 14, 15, 16, 18]
  Medium: min=21 max=32 values=[21, 23, 24, 25, 26, 27, 28, 29, 30, 31, 32]
  Hard: min=38 max=49 values=[38, 39, 40, 41, 42, 43, 44, 45, 46, 47, 49]
  Very Hard: min=62 max=81 values=[62, 63, 65, 66, 68, 69, 71, 72, 74, 80, 81]
Keyboard replay action counts by level:
  Easy: min=14 max=22 values=[14, 15, 16, 17, 18, 19, 20, 22]
  Medium: min=34 max=44 values=[34, 35, 36, 37, 38, 39, 40, 41, 42, 44]
  Hard: min=53 max=67 values=[53, 54, 56, 57, 58, 59, 60, 61, 62, 64, 65, 67]
  Very Hard: min=88 max=107 values=[88, 89, 92, 94, 95, 97, 98, 100, 101, 107]
Engine completion simulation:
  status=WIN
  default seed BFS lengths: [16, 23, 43, 66]
  default seed keyboard actions replayed: 206
  sampled engine replays checked: 20
  sampled engine replay failures: 0
Engine completion after 2 development resets:
  status=WIN
  reset BFS lengths: [17, 24, 41, 75]
  reset keyboard actions replayed: 217
  sampled reset replays checked: 10
  sampled reset replay failures: 0
  reset deterministic signature matches=10
Issues: none
PASS: Bellows Forge generation, mechanics, BFS plans, resets, and engine replays are valid
