polarity_tiles — verify.py
Verifying 4 levels × 50 seeds = 200 layouts via the live engine path...

  seed  0  L1: [SOLVABLE] in 3 placements  (level cleared)
  seed  0  L2: [SOLVABLE] in 5 placements  (level cleared)
  seed  0  L3: [SOLVABLE] in 7 placements  (level cleared)
  seed  0  L4: [SOLVABLE] in 10 placements  (WIN)
  seed  1  L1: [SOLVABLE] in 3 placements  (level cleared)
  seed  1  L2: [SOLVABLE] in 5 placements  (level cleared)
  seed  1  L3: [SOLVABLE] in 7 placements  (level cleared)
  seed  1  L4: [SOLVABLE] in 10 placements  (WIN)
  seed  2  L1: [SOLVABLE] in 3 placements  (level cleared)
  seed  2  L2: [SOLVABLE] in 5 placements  (level cleared)
  seed  2  L3: [SOLVABLE] in 7 placements  (level cleared)
  seed  2  L4: [SOLVABLE] in 10 placements  (WIN)
  seed  3  L1: [SOLVABLE] in 3 placements  (level cleared)
  seed  3  L2: [SOLVABLE] in 5 placements  (level cleared)
  seed  3  L3: [SOLVABLE] in 7 placements  (level cleared)
  seed  3  L4: [SOLVABLE] in 10 placements  (WIN)
  seed  4  L1: [SOLVABLE] in 3 placements  (level cleared)
  seed  4  L2: [SOLVABLE] in 5 placements  (level cleared)
  seed  4  L3: [SOLVABLE] in 7 placements  (level cleared)
  seed  4  L4: [SOLVABLE] in 10 placements  (WIN)
  seed  5  L1: [SOLVABLE] in 3 placements  (level cleared)
  seed  5  L2: [SOLVABLE] in 5 placements  (level cleared)
  seed  5  L3: [SOLVABLE] in 7 placements  (level cleared)
  seed  5  L4: [SOLVABLE] in 10 placements  (WIN)
  seed  6  L1: [SOLVABLE] in 3 placements  (level cleared)
  seed  6  L2: [SOLVABLE] in 5 placements  (level cleared)
  seed  6  L3: [SOLVABLE] in 7 placements  (level cleared)
  seed  6  L4: [SOLVABLE] in 10 placements  (WIN)
  seed  7  L1: [SOLVABLE] in 3 placements  (level cleared)
  seed  7  L2: [SOLVABLE] in 5 placements  (level cleared)
  seed  7  L3: [SOLVABLE] in 7 placements  (level cleared)
  seed  7  L4: [SOLVABLE] in 10 placements  (WIN)
  seed  8  L1: [SOLVABLE] in 3 placements  (level cleared)
  seed  8  L2: [SOLVABLE] in 5 placements  (level cleared)
  seed  8  L3: [SOLVABLE] in 7 placements  (level cleared)
  seed  8  L4: [SOLVABLE] in 10 placements  (WIN)
  seed  9  L1: [SOLVABLE] in 3 placements  (level cleared)
  seed  9  L2: [SOLVABLE] in 5 placements  (level cleared)
  seed  9  L3: [SOLVABLE] in 7 placements  (level cleared)
  seed  9  L4: [SOLVABLE] in 10 placements  (WIN)
  seed 10  L1: [SOLVABLE] in 3 placements  (level cleared)
  seed 10  L2: [SOLVABLE] in 5 placements  (level cleared)
  seed 10  L3: [SOLVABLE] in 7 placements  (level cleared)
  seed 10  L4: [SOLVABLE] in 10 placements  (WIN)
  seed 11  L1: [SOLVABLE] in 3 placements  (level cleared)
  seed 11  L2: [SOLVABLE] in 5 placements  (level cleared)
  seed 11  L3: [SOLVABLE] in 7 placements  (level cleared)
  seed 11  L4: [SOLVABLE] in 10 placements  (WIN)
  seed 12  L1: [SOLVABLE] in 3 placements  (level cleared)
  seed 12  L2: [SOLVABLE] in 5 placements  (level cleared)
  seed 12  L3: [SOLVABLE] in 7 placements  (level cleared)
  seed 12  L4: [SOLVABLE] in 10 placements  (WIN)
  seed 13  L1: [SOLVABLE] in 3 placements  (level cleared)
  seed 13  L2: [SOLVABLE] in 5 placements  (level cleared)
  seed 13  L3: [SOLVABLE] in 7 placements  (level cleared)
  seed 13  L4: [SOLVABLE] in 10 placements  (WIN)
  seed 14  L1: [SOLVABLE] in 3 placements  (level cleared)
  seed 14  L2: [SOLVABLE] in 5 placements  (level cleared)
  seed 14  L3: [SOLVABLE] in 7 placements  (level cleared)
  seed 14  L4: [SOLVABLE] in 10 placements  (WIN)
  seed 15  L1: [SOLVABLE] in 3 placements  (level cleared)
  seed 15  L2: [SOLVABLE] in 5 placements  (level cleared)
  seed 15  L3: [SOLVABLE] in 7 placements  (level cleared)
  seed 15  L4: [SOLVABLE] in 10 placements  (WIN)
  seed 16  L1: [SOLVABLE] in 3 placements  (level cleared)
  seed 16  L2: [SOLVABLE] in 5 placements  (level cleared)
  seed 16  L3: [SOLVABLE] in 7 placements  (level cleared)
  seed 16  L4: [SOLVABLE] in 10 placements  (WIN)
  seed 17  L1: [SOLVABLE] in 3 placements  (level cleared)
  seed 17  L2: [SOLVABLE] in 5 placements  (level cleared)
  seed 17  L3: [SOLVABLE] in 7 placements  (level cleared)
  seed 17  L4: [SOLVABLE] in 10 placements  (WIN)
  seed 18  L1: [SOLVABLE] in 3 placements  (level cleared)
  seed 18  L2: [SOLVABLE] in 5 placements  (level cleared)
  seed 18  L3: [SOLVABLE] in 7 placements  (level cleared)
  seed 18  L4: [SOLVABLE] in 10 placements  (WIN)
  seed 19  L1: [SOLVABLE] in 3 placements  (level cleared)
  seed 19  L2: [SOLVABLE] in 5 placements  (level cleared)
  seed 19  L3: [SOLVABLE] in 7 placements  (level cleared)
  seed 19  L4: [SOLVABLE] in 10 placements  (WIN)
  seed 20  L1: [SOLVABLE] in 3 placements  (level cleared)
  seed 20  L2: [SOLVABLE] in 5 placements  (level cleared)
  seed 20  L3: [SOLVABLE] in 7 placements  (level cleared)
  seed 20  L4: [SOLVABLE] in 10 placements  (WIN)
  seed 21  L1: [SOLVABLE] in 3 placements  (level cleared)
  seed 21  L2: [SOLVABLE] in 5 placements  (level cleared)
  seed 21  L3: [SOLVABLE] in 7 placements  (level cleared)
  seed 21  L4: [SOLVABLE] in 10 placements  (WIN)
  seed 22  L1: [SOLVABLE] in 3 placements  (level cleared)
  seed 22  L2: [SOLVABLE] in 5 placements  (level cleared)
  seed 22  L3: [SOLVABLE] in 7 placements  (level cleared)
  seed 22  L4: [SOLVABLE] in 10 placements  (WIN)
  seed 23  L1: [SOLVABLE] in 3 placements  (level cleared)
  seed 23  L2: [SOLVABLE] in 5 placements  (level cleared)
  seed 23  L3: [SOLVABLE] in 7 placements  (level cleared)
  seed 23  L4: [SOLVABLE] in 10 placements  (WIN)
  seed 24  L1: [SOLVABLE] in 3 placements  (level cleared)
  seed 24  L2: [SOLVABLE] in 5 placements  (level cleared)
  seed 24  L3: [SOLVABLE] in 7 placements  (level cleared)
  seed 24  L4: [SOLVABLE] in 10 placements  (WIN)
  seed 25  L1: [SOLVABLE] in 3 placements  (level cleared)
  seed 25  L2: [SOLVABLE] in 5 placements  (level cleared)
  seed 25  L3: [SOLVABLE] in 7 placements  (level cleared)
  seed 25  L4: [SOLVABLE] in 10 placements  (WIN)
  seed 26  L1: [SOLVABLE] in 3 placements  (level cleared)
  seed 26  L2: [SOLVABLE] in 5 placements  (level cleared)
  seed 26  L3: [SOLVABLE] in 7 placements  (level cleared)
  seed 26  L4: [SOLVABLE] in 10 placements  (WIN)
  seed 27  L1: [SOLVABLE] in 3 placements  (level cleared)
  seed 27  L2: [SOLVABLE] in 5 placements  (level cleared)
  seed 27  L3: [SOLVABLE] in 7 placements  (level cleared)
  seed 27  L4: [SOLVABLE] in 10 placements  (WIN)
  seed 28  L1: [SOLVABLE] in 3 placements  (level cleared)
  seed 28  L2: [SOLVABLE] in 5 placements  (level cleared)
  seed 28  L3: [SOLVABLE] in 7 placements  (level cleared)
  seed 28  L4: [SOLVABLE] in 10 placements  (WIN)
  seed 29  L1: [SOLVABLE] in 3 placements  (level cleared)
  seed 29  L2: [SOLVABLE] in 5 placements  (level cleared)
  seed 29  L3: [SOLVABLE] in 7 placements  (level cleared)
  seed 29  L4: [SOLVABLE] in 10 placements  (WIN)
  seed 30  L1: [SOLVABLE] in 3 placements  (level cleared)
  seed 30  L2: [SOLVABLE] in 5 placements  (level cleared)
  seed 30  L3: [SOLVABLE] in 7 placements  (level cleared)
  seed 30  L4: [SOLVABLE] in 10 placements  (WIN)
  seed 31  L1: [SOLVABLE] in 3 placements  (level cleared)
  seed 31  L2: [SOLVABLE] in 5 placements  (level cleared)
  seed 31  L3: [SOLVABLE] in 7 placements  (level cleared)
  seed 31  L4: [SOLVABLE] in 10 placements  (WIN)
  seed 32  L1: [SOLVABLE] in 3 placements  (level cleared)
  seed 32  L2: [SOLVABLE] in 5 placements  (level cleared)
  seed 32  L3: [SOLVABLE] in 7 placements  (level cleared)
  seed 32  L4: [SOLVABLE] in 10 placements  (WIN)
  seed 33  L1: [SOLVABLE] in 3 placements  (level cleared)
  seed 33  L2: [SOLVABLE] in 5 placements  (level cleared)
  seed 33  L3: [SOLVABLE] in 7 placements  (level cleared)
  seed 33  L4: [SOLVABLE] in 10 placements  (WIN)
  seed 34  L1: [SOLVABLE] in 3 placements  (level cleared)
  seed 34  L2: [SOLVABLE] in 5 placements  (level cleared)
  seed 34  L3: [SOLVABLE] in 7 placements  (level cleared)
  seed 34  L4: [SOLVABLE] in 10 placements  (WIN)
  seed 35  L1: [SOLVABLE] in 3 placements  (level cleared)
  seed 35  L2: [SOLVABLE] in 5 placements  (level cleared)
  seed 35  L3: [SOLVABLE] in 7 placements  (level cleared)
  seed 35  L4: [SOLVABLE] in 10 placements  (WIN)
  seed 36  L1: [SOLVABLE] in 3 placements  (level cleared)
  seed 36  L2: [SOLVABLE] in 5 placements  (level cleared)
  seed 36  L3: [SOLVABLE] in 7 placements  (level cleared)
  seed 36  L4: [SOLVABLE] in 10 placements  (WIN)
  seed 37  L1: [SOLVABLE] in 3 placements  (level cleared)
  seed 37  L2: [SOLVABLE] in 5 placements  (level cleared)
  seed 37  L3: [SOLVABLE] in 7 placements  (level cleared)
  seed 37  L4: [SOLVABLE] in 10 placements  (WIN)
  seed 38  L1: [SOLVABLE] in 3 placements  (level cleared)
  seed 38  L2: [SOLVABLE] in 5 placements  (level cleared)
  seed 38  L3: [SOLVABLE] in 7 placements  (level cleared)
  seed 38  L4: [SOLVABLE] in 10 placements  (WIN)
  seed 39  L1: [SOLVABLE] in 3 placements  (level cleared)
  seed 39  L2: [SOLVABLE] in 5 placements  (level cleared)
  seed 39  L3: [SOLVABLE] in 7 placements  (level cleared)
  seed 39  L4: [SOLVABLE] in 10 placements  (WIN)
  seed 40  L1: [SOLVABLE] in 3 placements  (level cleared)
  seed 40  L2: [SOLVABLE] in 5 placements  (level cleared)
  seed 40  L3: [SOLVABLE] in 7 placements  (level cleared)
  seed 40  L4: [SOLVABLE] in 10 placements  (WIN)
  seed 41  L1: [SOLVABLE] in 3 placements  (level cleared)
  seed 41  L2: [SOLVABLE] in 5 placements  (level cleared)
  seed 41  L3: [SOLVABLE] in 7 placements  (level cleared)
  seed 41  L4: [SOLVABLE] in 10 placements  (WIN)
  seed 42  L1: [SOLVABLE] in 3 placements  (level cleared)
  seed 42  L2: [SOLVABLE] in 5 placements  (level cleared)
  seed 42  L3: [SOLVABLE] in 7 placements  (level cleared)
  seed 42  L4: [SOLVABLE] in 10 placements  (WIN)
  seed 43  L1: [SOLVABLE] in 3 placements  (level cleared)
  seed 43  L2: [SOLVABLE] in 5 placements  (level cleared)
  seed 43  L3: [SOLVABLE] in 7 placements  (level cleared)
  seed 43  L4: [SOLVABLE] in 10 placements  (WIN)
  seed 44  L1: [SOLVABLE] in 3 placements  (level cleared)
  seed 44  L2: [SOLVABLE] in 5 placements  (level cleared)
  seed 44  L3: [SOLVABLE] in 7 placements  (level cleared)
  seed 44  L4: [SOLVABLE] in 10 placements  (WIN)
  seed 45  L1: [SOLVABLE] in 3 placements  (level cleared)
  seed 45  L2: [SOLVABLE] in 5 placements  (level cleared)
  seed 45  L3: [SOLVABLE] in 7 placements  (level cleared)
  seed 45  L4: [SOLVABLE] in 10 placements  (WIN)
  seed 46  L1: [SOLVABLE] in 3 placements  (level cleared)
  seed 46  L2: [SOLVABLE] in 5 placements  (level cleared)
  seed 46  L3: [SOLVABLE] in 7 placements  (level cleared)
  seed 46  L4: [SOLVABLE] in 10 placements  (WIN)
  seed 47  L1: [SOLVABLE] in 3 placements  (level cleared)
  seed 47  L2: [SOLVABLE] in 5 placements  (level cleared)
  seed 47  L3: [SOLVABLE] in 7 placements  (level cleared)
  seed 47  L4: [SOLVABLE] in 10 placements  (WIN)
  seed 48  L1: [SOLVABLE] in 3 placements  (level cleared)
  seed 48  L2: [SOLVABLE] in 5 placements  (level cleared)
  seed 48  L3: [SOLVABLE] in 7 placements  (level cleared)
  seed 48  L4: [SOLVABLE] in 10 placements  (WIN)
  seed 49  L1: [SOLVABLE] in 3 placements  (level cleared)
  seed 49  L2: [SOLVABLE] in 5 placements  (level cleared)
  seed 49  L3: [SOLVABLE] in 7 placements  (level cleared)
  seed 49  L4: [SOLVABLE] in 10 placements  (WIN)

TOTAL: 200/200 SOLVABLE
